// Jest Snapshot v1, https://goo.gl/fbAQLP

exports[`AuctionSummary snapshot 1`] = `ShallowWrapper {}`;
