// Jest Snapshot v1, https://goo.gl/fbAQLP

exports[`AuctionsList snapshot 1`] = `ShallowWrapper {}`;
